// Vitest Snapshot v1, https://vitest.dev/guide/snapshot.html

exports[`Should render correctly 1`] = `
"<!--v-if-->
<div data-v-bb9ea9af="" class="flex gap-1"><input data-v-bb9ea9af="" data-e2e="input" class="w-10 grow py-1 text-center text-black transition-colors" type="number">
  <div data-v-bb9ea9af="" class="w-8"><button data-v-bb9ea9af="" data-e2e="decrement" class="h-full w-8 rounded-md border-b-2 border-r-2 border-red-300 bg-red-100 transition-all duration-75 hover:bg-red-50 disabled:opacity-40"><svg data-v-bb9ea9af="" class="svg-inline--fa fa-minus pointer-events-none m-auto" aria-hidden="true" focusable="false" data-prefix="fas" data-icon="minus" role="img" xmlns="http://www.w3.org/2000/svg" viewBox="0 0 448 512">
        <path class="" fill="currentColor" d="M432 256c0 17.7-14.3 32-32 32L48 288c-17.7 0-32-14.3-32-32s14.3-32 32-32l352 0c17.7 0 32 14.3 32 32z"></path>
      </svg></button></div>
  <div data-v-bb9ea9af="" class="w-8"><button data-v-bb9ea9af="" data-e2e="increment" class="h-full w-8 rounded-md border-b-2 border-r-2 border-emerald-400 bg-emerald-100 transition-all duration-75 hover:bg-emerald-50 disabled:opacity-40"><svg data-v-bb9ea9af="" class="svg-inline--fa fa-plus pointer-events-none m-auto" aria-hidden="true" focusable="false" data-prefix="fas" data-icon="plus" role="img" xmlns="http://www.w3.org/2000/svg" viewBox="0 0 448 512">
        <path class="" fill="currentColor" d="M256 80c0-17.7-14.3-32-32-32s-32 14.3-32 32V224H48c-17.7 0-32 14.3-32 32s14.3 32 32 32H192V432c0 17.7 14.3 32 32 32s32-14.3 32-32V288H400c17.7 0 32-14.3 32-32s-14.3-32-32-32H256V80z"></path>
      </svg></button></div>
</div>"
`;
